error: #[serde(transparent)] is not allowed on an enum
 --> $DIR/enum.rs:4:1
  |
4 | / #[serde(transparent)]
5 | | enum E {}
  | |_________^
