error: expected serde rename attribute to be a string: `rename = "..."`
 --> $DIR/integer.rs:5:22
  |
5 |     #[serde(rename = 100)]
  |                      ^^^
