error: duplicate serde attribute `serialize_with`
 --> $DIR/with-and-serialize-with.rs:5:25
  |
5 |     #[serde(with = "w", serialize_with = "s")]
  |                         ^^^^^^^^^^^^^^
