error: unexpected literal in serde variant attribute
 --> $DIR/variant.rs:5:13
  |
5 |     #[serde("literal")]
  |             ^^^^^^^^^
