error: failed to parse type: try_from = "Option<T"
 --> $DIR/try_from.rs:4:20
  |
4 | #[serde(try_from = "Option<T")]
  |                    ^^^^^^^^^^
